2026-05-23T05:59:50.681-03:00  INFO 12192 --- [catalogo-jogos] [main] i.g.n.c.CatalogoJogosApplication         : Starting CatalogoJogosApplication using Java 21.0.2 with PID 12192 (C:\Users\nival\OneDrive\Área de Trabalho\Github\catalogo-jogos\target\classes started by nival in C:\Users\nival\OneDrive\Área de Trabalho\Github\catalogo-jogos)
2026-05-23T05:59:50.690-03:00 DEBUG 12192 --- [catalogo-jogos] [main] i.g.n.c.CatalogoJogosApplication         : Running with Spring Boot v4.0.6, Spring v7.0.7
2026-05-23T05:59:50.691-03:00  INFO 12192 --- [catalogo-jogos] [main] i.g.n.c.CatalogoJogosApplication         : No active profile set, falling back to 1 default profile: "default"
2026-05-23T05:59:51.742-03:00  INFO 12192 --- [catalogo-jogos] [main] .s.d.r.c.RepositoryConfigurationDelegate : Bootstrapping Spring Data JPA repositories in DEFAULT mode.
2026-05-23T05:59:51.843-03:00  INFO 12192 --- [catalogo-jogos] [main] .s.d.r.c.RepositoryConfigurationDelegate : Finished Spring Data repository scanning in 74 ms. Found 3 JPA repository interfaces.
2026-05-23T05:59:52.520-03:00  INFO 12192 --- [catalogo-jogos] [main] o.s.boot.tomcat.TomcatWebServer          : Tomcat initialized with port 8080 (http)
2026-05-23T05:59:52.543-03:00  INFO 12192 --- [catalogo-jogos] [main] o.apache.catalina.core.StandardService   : Starting service [Tomcat]
2026-05-23T05:59:52.545-03:00  INFO 12192 --- [catalogo-jogos] [main] o.apache.catalina.core.StandardEngine    : Starting Servlet engine: [Apache Tomcat/11.0.21]
2026-05-23T05:59:52.632-03:00  INFO 12192 --- [catalogo-jogos] [main] b.w.c.s.WebApplicationContextInitializer : Root WebApplicationContext: initialization completed in 1836 ms
2026-05-23T05:59:52.989-03:00  INFO 12192 --- [catalogo-jogos] [main] org.hibernate.orm.jpa                    : HHH008540: Processing PersistenceUnitInfo [name: default]
2026-05-23T05:59:53.093-03:00  INFO 12192 --- [catalogo-jogos] [main] org.hibernate.orm.core                   : HHH000001: Hibernate ORM core version 7.2.12.Final
2026-05-23T05:59:53.785-03:00  INFO 12192 --- [catalogo-jogos] [main] o.s.o.j.p.SpringPersistenceUnitInfo      : No LoadTimeWeaver setup: ignoring JPA class transformer
2026-05-23T05:59:53.819-03:00  INFO 12192 --- [catalogo-jogos] [main] com.zaxxer.hikari.HikariDataSource       : HikariPool-1 - Starting...
2026-05-23T05:59:54.577-03:00  INFO 12192 --- [catalogo-jogos] [main] com.zaxxer.hikari.pool.HikariPool        : HikariPool-1 - Added connection com.mysql.cj.jdbc.ConnectionImpl@1626bddf
2026-05-23T05:59:54.579-03:00  INFO 12192 --- [catalogo-jogos] [main] com.zaxxer.hikari.HikariDataSource       : HikariPool-1 - Start completed.
2026-05-23T05:59:54.710-03:00  INFO 12192 --- [catalogo-jogos] [main] org.hibernate.orm.connections.pooling    : HHH10001005: Database info:
	Database JDBC URL [jdbc:mysql://localhost:3306/catalogo_jogos]
	Database driver: MySQL Connector/J
	Database dialect: MySQLDialect
	Database version: 9.7
	Default catalog/schema: catalogo_jogos/undefined
	Autocommit mode: undefined/unknown
	Isolation level: REPEATABLE_READ [default REPEATABLE_READ]
	JDBC fetch size: none
	Pool: DataSourceConnectionProvider
	Minimum pool size: undefined/unknown
	Maximum pool size: undefined/unknown
2026-05-23T05:59:55.883-03:00  INFO 12192 --- [catalogo-jogos] [main] org.hibernate.orm.core                   : HHH000489: No JTA platform available (set 'hibernate.transaction.jta.platform' to enable JTA platform integration)
2026-05-23T05:59:55.993-03:00  INFO 12192 --- [catalogo-jogos] [main] j.LocalContainerEntityManagerFactoryBean : Initialized JPA EntityManagerFactory for persistence unit 'default'
2026-05-23T05:59:56.112-03:00  INFO 12192 --- [catalogo-jogos] [main] o.s.d.j.r.query.QueryEnhancerFactories   : Hibernate is in classpath; If applicable, HQL parser will be used.
2026-05-23T05:59:56.501-03:00  WARN 12192 --- [catalogo-jogos] [main] JpaBaseConfiguration$JpaWebConfiguration : spring.jpa.open-in-view is enabled by default. Therefore, database queries may be performed during view rendering. Explicitly configure spring.jpa.open-in-view to disable this warning
2026-05-23T05:59:56.705-03:00 DEBUG 12192 --- [catalogo-jogos] [main] s.w.s.m.m.a.RequestMappingHandlerMapping : 17 mappings in 'requestMappingHandlerMapping'
2026-05-23T05:59:56.756-03:00 DEBUG 12192 --- [catalogo-jogos] [main] o.s.w.s.handler.SimpleUrlHandlerMapping  : Patterns [/webjars/**, /**] in 'resourceHandlerMapping'
2026-05-23T05:59:56.803-03:00 DEBUG 12192 --- [catalogo-jogos] [main] s.w.s.m.m.a.RequestMappingHandlerAdapter : ControllerAdvice beans: 0 @ModelAttribute, 0 @InitBinder, 2 RequestBodyAdvice, 1 ResponseBodyAdvice
2026-05-23T05:59:56.861-03:00 DEBUG 12192 --- [catalogo-jogos] [main] .m.m.a.ExceptionHandlerExceptionResolver : ControllerAdvice beans: 1 @ExceptionHandler, 1 ResponseBodyAdvice
2026-05-23T05:59:57.024-03:00  INFO 12192 --- [catalogo-jogos] [main] o.s.boot.tomcat.TomcatWebServer          : Tomcat started on port 8080 (http) with context path '/'
2026-05-23T05:59:57.031-03:00  INFO 12192 --- [catalogo-jogos] [main] i.g.n.c.CatalogoJogosApplication         : Started CatalogoJogosApplication in 7.192 seconds (process running for 7.911)
2026-05-23T06:45:25.849-03:00  INFO 12192 --- [catalogo-jogos] [SpringApplicationShutdownHook] o.s.boot.tomcat.GracefulShutdown         : Commencing graceful shutdown. Waiting for active requests to complete
2026-05-23T06:45:25.917-03:00  INFO 12192 --- [catalogo-jogos] [tomcat-shutdown] o.s.boot.tomcat.GracefulShutdown         : Graceful shutdown complete
2026-05-23T06:45:25.954-03:00  INFO 12192 --- [catalogo-jogos] [SpringApplicationShutdownHook] j.LocalContainerEntityManagerFactoryBean : Closing JPA EntityManagerFactory for persistence unit 'default'
2026-05-23T06:45:26.011-03:00  INFO 12192 --- [catalogo-jogos] [SpringApplicationShutdownHook] com.zaxxer.hikari.HikariDataSource       : HikariPool-1 - Shutdown initiated...
2026-05-23T06:45:26.041-03:00  INFO 12192 --- [catalogo-jogos] [SpringApplicationShutdownHook] com.zaxxer.hikari.HikariDataSource       : HikariPool-1 - Shutdown completed.
2026-05-23T06:45:37.314-03:00  INFO 1576 --- [catalogo-jogos] [main] i.g.n.c.CatalogoJogosApplication         : Starting CatalogoJogosApplication using Java 21.0.2 with PID 1576 (C:\Users\nival\OneDrive\Área de Trabalho\Github\catalogo-jogos\target\classes started by nival in C:\Users\nival\OneDrive\Área de Trabalho\Github\catalogo-jogos)
2026-05-23T06:45:37.320-03:00 DEBUG 1576 --- [catalogo-jogos] [main] i.g.n.c.CatalogoJogosApplication         : Running with Spring Boot v4.0.6, Spring v7.0.7
2026-05-23T06:45:37.322-03:00  INFO 1576 --- [catalogo-jogos] [main] i.g.n.c.CatalogoJogosApplication         : No active profile set, falling back to 1 default profile: "default"
2026-05-23T06:45:38.475-03:00  INFO 1576 --- [catalogo-jogos] [main] .s.d.r.c.RepositoryConfigurationDelegate : Bootstrapping Spring Data JPA repositories in DEFAULT mode.
2026-05-23T06:45:38.585-03:00  INFO 1576 --- [catalogo-jogos] [main] .s.d.r.c.RepositoryConfigurationDelegate : Finished Spring Data repository scanning in 91 ms. Found 3 JPA repository interfaces.
2026-05-23T06:45:39.445-03:00  INFO 1576 --- [catalogo-jogos] [main] o.s.boot.tomcat.TomcatWebServer          : Tomcat initialized with port 8080 (http)
2026-05-23T06:45:39.469-03:00  INFO 1576 --- [catalogo-jogos] [main] o.apache.catalina.core.StandardService   : Starting service [Tomcat]
2026-05-23T06:45:39.470-03:00  INFO 1576 --- [catalogo-jogos] [main] o.apache.catalina.core.StandardEngine    : Starting Servlet engine: [Apache Tomcat/11.0.21]
2026-05-23T06:45:39.565-03:00  INFO 1576 --- [catalogo-jogos] [main] b.w.c.s.WebApplicationContextInitializer : Root WebApplicationContext: initialization completed in 2127 ms
2026-05-23T06:45:39.951-03:00  INFO 1576 --- [catalogo-jogos] [main] org.hibernate.orm.jpa                    : HHH008540: Processing PersistenceUnitInfo [name: default]
2026-05-23T06:45:40.069-03:00  INFO 1576 --- [catalogo-jogos] [main] org.hibernate.orm.core                   : HHH000001: Hibernate ORM core version 7.2.12.Final
2026-05-23T06:45:40.791-03:00  INFO 1576 --- [catalogo-jogos] [main] o.s.o.j.p.SpringPersistenceUnitInfo      : No LoadTimeWeaver setup: ignoring JPA class transformer
2026-05-23T06:45:40.825-03:00  INFO 1576 --- [catalogo-jogos] [main] com.zaxxer.hikari.HikariDataSource       : HikariPool-1 - Starting...
2026-05-23T06:45:41.464-03:00  INFO 1576 --- [catalogo-jogos] [main] com.zaxxer.hikari.pool.HikariPool        : HikariPool-1 - Added connection com.mysql.cj.jdbc.ConnectionImpl@362cf66
2026-05-23T06:45:41.465-03:00  INFO 1576 --- [catalogo-jogos] [main] com.zaxxer.hikari.HikariDataSource       : HikariPool-1 - Start completed.
2026-05-23T06:45:41.629-03:00  INFO 1576 --- [catalogo-jogos] [main] org.hibernate.orm.connections.pooling    : HHH10001005: Database info:
	Database JDBC URL [jdbc:mysql://localhost:3306/catalogo_jogos]
	Database driver: MySQL Connector/J
	Database dialect: MySQLDialect
	Database version: 9.7
	Default catalog/schema: catalogo_jogos/undefined
	Autocommit mode: undefined/unknown
	Isolation level: REPEATABLE_READ [default REPEATABLE_READ]
	JDBC fetch size: none
	Pool: DataSourceConnectionProvider
	Minimum pool size: undefined/unknown
	Maximum pool size: undefined/unknown
2026-05-23T06:45:42.769-03:00  INFO 1576 --- [catalogo-jogos] [main] org.hibernate.orm.core                   : HHH000489: No JTA platform available (set 'hibernate.transaction.jta.platform' to enable JTA platform integration)
2026-05-23T06:45:42.924-03:00  INFO 1576 --- [catalogo-jogos] [main] j.LocalContainerEntityManagerFactoryBean : Initialized JPA EntityManagerFactory for persistence unit 'default'
2026-05-23T06:45:43.056-03:00  INFO 1576 --- [catalogo-jogos] [main] o.s.d.j.r.query.QueryEnhancerFactories   : Hibernate is in classpath; If applicable, HQL parser will be used.
2026-05-23T06:45:43.465-03:00  WARN 1576 --- [catalogo-jogos] [main] JpaBaseConfiguration$JpaWebConfiguration : spring.jpa.open-in-view is enabled by default. Therefore, database queries may be performed during view rendering. Explicitly configure spring.jpa.open-in-view to disable this warning
2026-05-23T06:45:43.701-03:00 DEBUG 1576 --- [catalogo-jogos] [main] s.w.s.m.m.a.RequestMappingHandlerMapping : 17 mappings in 'requestMappingHandlerMapping'
2026-05-23T06:45:43.746-03:00 DEBUG 1576 --- [catalogo-jogos] [main] o.s.w.s.handler.SimpleUrlHandlerMapping  : Patterns [/webjars/**, /**] in 'resourceHandlerMapping'
2026-05-23T06:45:43.781-03:00 DEBUG 1576 --- [catalogo-jogos] [main] s.w.s.m.m.a.RequestMappingHandlerAdapter : ControllerAdvice beans: 0 @ModelAttribute, 0 @InitBinder, 2 RequestBodyAdvice, 1 ResponseBodyAdvice
2026-05-23T06:45:43.842-03:00 DEBUG 1576 --- [catalogo-jogos] [main] .m.m.a.ExceptionHandlerExceptionResolver : ControllerAdvice beans: 1 @ExceptionHandler, 1 ResponseBodyAdvice
2026-05-23T06:45:44.005-03:00  INFO 1576 --- [catalogo-jogos] [main] o.s.boot.tomcat.TomcatWebServer          : Tomcat started on port 8080 (http) with context path '/'
2026-05-23T06:45:44.017-03:00  INFO 1576 --- [catalogo-jogos] [main] i.g.n.c.CatalogoJogosApplication         : Started CatalogoJogosApplication in 7.835 seconds (process running for 8.693)
